Release 14.7 - xst P.20131013 (lin64)
Copyright (c) 1995-2013 Xilinx, Inc.  All rights reserved.
--> 
Parameter TMPDIR set to xst/projnav.tmp


Total REAL time to Xst completion: 0.00 secs
Total CPU time to Xst completion: 0.06 secs
 
--> 
Parameter xsthdpdir set to xst


Total REAL time to Xst completion: 0.00 secs
Total CPU time to Xst completion: 0.06 secs
 
--> 
Reading design: ALU_nbits.prj

TABLE OF CONTENTS
  1) Synthesis Options Summary
  2) HDL Parsing
  3) HDL Elaboration
  4) HDL Synthesis
       4.1) HDL Synthesis Report
  5) Advanced HDL Synthesis
       5.1) Advanced HDL Synthesis Report
  6) Low Level Synthesis
  7) Partition Report
  8) Design Summary
       8.1) Primitive and Black Box Usage
       8.2) Device utilization summary
       8.3) Partition Resource Summary
       8.4) Timing Report
            8.4.1) Clock Information
            8.4.2) Asynchronous Control Signals Information
            8.4.3) Timing Summary
            8.4.4) Timing Details
            8.4.5) Cross Clock Domains Report


=========================================================================
*                      Synthesis Options Summary                        *
=========================================================================
---- Source Parameters
Input File Name                    : "ALU_nbits.prj"
Ignore Synthesis Constraint File   : NO

---- Target Parameters
Output File Name                   : "ALU_nbits"
Output Format                      : NGC
Target Device                      : xc7a100t-3-csg324

---- Source Options
Top Module Name                    : ALU_nbits
Automatic FSM Extraction           : YES
FSM Encoding Algorithm             : Auto
Safe Implementation                : No
FSM Style                          : LUT
RAM Extraction                     : Yes
RAM Style                          : Auto
ROM Extraction                     : Yes
Shift Register Extraction          : YES
ROM Style                          : Auto
Resource Sharing                   : YES
Asynchronous To Synchronous        : NO
Shift Register Minimum Size        : 2
Use DSP Block                      : Auto
Automatic Register Balancing       : No

---- Target Options
LUT Combining                      : Auto
Reduce Control Sets                : Auto
Add IO Buffers                     : YES
Global Maximum Fanout              : 100000
Add Generic Clock Buffer(BUFG)     : 32
Register Duplication               : YES
Optimize Instantiated Primitives   : NO
Use Clock Enable                   : Auto
Use Synchronous Set                : Auto
Use Synchronous Reset              : Auto
Pack IO Registers into IOBs        : Auto
Equivalent register Removal        : YES

---- General Options
Optimization Goal                  : Speed
Optimization Effort                : 1
Power Reduction                    : NO
Keep Hierarchy                     : No
Netlist Hierarchy                  : As_Optimized
RTL Output                         : Yes
Global Optimization                : AllClockNets
Read Cores                         : YES
Write Timing Constraints           : NO
Cross Clock Analysis               : NO
Hierarchy Separator                : /
Bus Delimiter                      : <>
Case Specifier                     : Maintain
Slice Utilization Ratio            : 100
BRAM Utilization Ratio             : 100
DSP48 Utilization Ratio            : 100
Auto BRAM Packing                  : NO
Slice Utilization Ratio Delta      : 5

=========================================================================


=========================================================================
*                          HDL Parsing                                  *
=========================================================================
Parsing VHDL file "/home/developer/Proyectos/xilinx/ALU/Mux2.vhd" into library work
Parsing entity <Mux2>.
Parsing architecture <Behavioral> of entity <mux2>.
Parsing VHDL file "/home/developer/Proyectos/xilinx/ALU/Mux1.vhd" into library work
Parsing entity <Mux1>.
Parsing architecture <Behavioral> of entity <mux1>.
Parsing VHDL file "/home/developer/Proyectos/xilinx/ALU/Carry.vhd" into library work
Parsing entity <Carry>.
Parsing architecture <Behavioral> of entity <carry>.
Parsing VHDL file "/home/developer/Proyectos/xilinx/ALU/ALU_pkg.vhd" into library work
Parsing package <ALU>.
Parsing VHDL file "/home/developer/Proyectos/xilinx/ALU/ALU_1bit.vhd" into library work
Parsing entity <ALU_1bit>.
Parsing architecture <Behavioral> of entity <alu_1bit>.
WARNING:HDLCompiler:946 - "/home/developer/Proyectos/xilinx/ALU/ALU_1bit.vhd" Line 41: Actual for formal port input2 is neither a static name nor a globally static expression
WARNING:HDLCompiler:946 - "/home/developer/Proyectos/xilinx/ALU/ALU_1bit.vhd" Line 48: Actual for formal port input2 is neither a static name nor a globally static expression
WARNING:HDLCompiler:946 - "/home/developer/Proyectos/xilinx/ALU/ALU_1bit.vhd" Line 62: Actual for formal port input1 is neither a static name nor a globally static expression
WARNING:HDLCompiler:946 - "/home/developer/Proyectos/xilinx/ALU/ALU_1bit.vhd" Line 63: Actual for formal port input2 is neither a static name nor a globally static expression
WARNING:HDLCompiler:946 - "/home/developer/Proyectos/xilinx/ALU/ALU_1bit.vhd" Line 64: Actual for formal port input3 is neither a static name nor a globally static expression
Parsing VHDL file "/home/developer/Proyectos/xilinx/ALU/ALU_nbits.vhd" into library work
Parsing entity <ALU_nbits>.
Parsing architecture <Behavioral> of entity <alu_nbits>.

=========================================================================
*                            HDL Elaboration                            *
=========================================================================

Elaborating entity <ALU_nbits> (architecture <Behavioral>) with generics from library <work>.

Elaborating entity <ALU_1bit> (architecture <Behavioral>) from library <work>.

Elaborating entity <Mux1> (architecture <Behavioral>) from library <work>.

Elaborating entity <Carry> (architecture <Behavioral>) from library <work>.

Elaborating entity <Mux2> (architecture <Behavioral>) from library <work>.
INFO:HDLCompiler:679 - "/home/developer/Proyectos/xilinx/ALU/Mux2.vhd" Line 49. Case statement is complete. others clause is never selected

=========================================================================
*                           HDL Synthesis                               *
=========================================================================

Synthesizing Unit <ALU_nbits>.
    Related source file is "/home/developer/Proyectos/xilinx/ALU/ALU_nbits.vhd".
        bus_len = 16
    Summary:
Unit <ALU_nbits> synthesized.

Synthesizing Unit <ALU_1bit>.
    Related source file is "/home/developer/Proyectos/xilinx/ALU/ALU_1bit.vhd".
    Summary:
Unit <ALU_1bit> synthesized.

Synthesizing Unit <Mux1>.
    Related source file is "/home/developer/Proyectos/xilinx/ALU/Mux1.vhd".
    Summary:
	inferred   1 Multiplexer(s).
Unit <Mux1> synthesized.

Synthesizing Unit <Carry>.
    Related source file is "/home/developer/Proyectos/xilinx/ALU/Carry.vhd".
    Summary:
Unit <Carry> synthesized.

Synthesizing Unit <Mux2>.
    Related source file is "/home/developer/Proyectos/xilinx/ALU/Mux2.vhd".
    Found 1-bit 4-to-1 multiplexer for signal <output> created at line 44.
    Summary:
	inferred   1 Multiplexer(s).
Unit <Mux2> synthesized.

=========================================================================
HDL Synthesis Report

Macro Statistics
# Multiplexers                                         : 48
 1-bit 2-to-1 multiplexer                              : 32
 1-bit 4-to-1 multiplexer                              : 16
# Xors                                                 : 49
 1-bit xor2                                            : 49

=========================================================================

=========================================================================
*                       Advanced HDL Synthesis                          *
=========================================================================


=========================================================================
Advanced HDL Synthesis Report

Macro Statistics
# Multiplexers                                         : 48
 1-bit 2-to-1 multiplexer                              : 32
 1-bit 4-to-1 multiplexer                              : 16
# Xors                                                 : 49
 1-bit xor2                                            : 49

=========================================================================

=========================================================================
*                         Low Level Synthesis                           *
=========================================================================

Optimizing unit <ALU_nbits> ...

Mapping all equations...
Building and optimizing final netlist ...
Found area constraint ratio of 100 (+ 5) on block ALU_nbits, actual ratio is 0.

Final Macro Processing ...

=========================================================================
Final Register Report

Found no macro
=========================================================================

=========================================================================
*                           Partition Report                            *
=========================================================================

Partition Implementation Status
-------------------------------

  No Partitions were found in this design.

-------------------------------

=========================================================================
*                            Design Summary                             *
=========================================================================

Top Level Output File Name         : ALU_nbits.ngc

Primitive and Black Box Usage:
------------------------------
# BELS                             : 51
#      LUT2                        : 15
#      LUT4                        : 1
#      LUT5                        : 9
#      LUT6                        : 26
# IO Buffers                       : 56
#      IBUF                        : 36
#      OBUF                        : 20

Device utilization summary:
---------------------------

Selected Device : 7a100tcsg324-3 


Slice Logic Utilization: 
 Number of Slice LUTs:                   51  out of  63400     0%  
    Number used as Logic:                51  out of  63400     0%  

Slice Logic Distribution: 
 Number of LUT Flip Flop pairs used:     51
   Number with an unused Flip Flop:      51  out of     51   100%  
   Number with an unused LUT:             0  out of     51     0%  
   Number of fully used LUT-FF pairs:     0  out of     51     0%  
   Number of unique control sets:         0

IO Utilization: 
 Number of IOs:                          56
 Number of bonded IOBs:                  56  out of    210    26%  

Specific Feature Utilization:

---------------------------
Partition Resource Summary:
---------------------------

  No Partitions were found in this design.

---------------------------


=========================================================================
Timing Report

NOTE: THESE TIMING NUMBERS ARE ONLY A SYNTHESIS ESTIMATE.
      FOR ACCURATE TIMING INFORMATION PLEASE REFER TO THE TRACE REPORT
      GENERATED AFTER PLACE-and-ROUTE.

Clock Information:
------------------
No clock signals found in this design

Asynchronous Control Signals Information:
----------------------------------------
No asynchronous control signals found in this design

Timing Summary:
---------------
Speed Grade: -3

   Minimum period: No path found
   Minimum input arrival time before clock: No path found
   Maximum output required time after clock: No path found
   Maximum combinational path delay: 7.686ns

Timing Details:
---------------
All values displayed in nanoseconds (ns)

=========================================================================
Timing constraint: Default path analysis
  Total number of paths / destination ports: 1182 / 20
-------------------------------------------------------------------------
Delay:               7.686ns (Levels of Logic = 12)
  Source:            b<0> (PAD)
  Destination:       z (PAD)

  Data Path: b<0> to z
                                Gate     Net
    Cell:in->out      fanout   Delay   Delay  Logical Name (Net Name)
    ----------------------------------------  ------------
     IBUF:I->O             3   0.001   0.703  b_0_IBUF (b_0_IBUF)
     LUT6:I0->O            3   0.097   0.703  GENERATE_ALU[1].ALUxbit/Suma/cout1 (cAux<2>)
     LUT6:I0->O            3   0.097   0.703  GENERATE_ALU[3].ALUxbit/Suma/cout1 (cAux<4>)
     LUT6:I0->O            3   0.097   0.703  GENERATE_ALU[5].ALUxbit/Suma/cout1 (cAux<6>)
     LUT6:I0->O            3   0.097   0.703  GENERATE_ALU[7].ALUxbit/Suma/cout1 (cAux<8>)
     LUT6:I0->O            3   0.097   0.703  GENERATE_ALU[9].ALUxbit/Suma/cout1 (cAux<10>)
     LUT6:I0->O            3   0.097   0.703  GENERATE_ALU[11].ALUxbit/Suma/cout1 (cAux<12>)
     LUT6:I0->O            2   0.097   0.688  GENERATE_ALU[13].ALUxbit/Suma/cout1 (cAux<14>)
     LUT5:I0->O            3   0.097   0.521  GENERATE_ALU[14].ALUxbit/Suma/cout1 (cAux<15>)
     LUT6:I3->O            3   0.097   0.305  GENERATE_ALU[15].ALUxbit/Operador/Mmux_output11 (n_OBUF)
     LUT6:I5->O            1   0.097   0.279  z3 (z_OBUF)
     OBUF:I->O                 0.000          z_OBUF (z)
    ----------------------------------------
    Total                      7.686ns (0.971ns logic, 6.715ns route)
                                       (12.6% logic, 87.4% route)

=========================================================================

Cross Clock Domains Report:
--------------------------

=========================================================================


Total REAL time to Xst completion: 12.00 secs
Total CPU time to Xst completion: 11.52 secs
 
--> 


Total memory usage is 500396 kilobytes

Number of errors   :    0 (   0 filtered)
Number of warnings :    5 (   0 filtered)
Number of infos    :    0 (   0 filtered)

